// Jest Snapshot v1, https://goo.gl/fbAQLP

exports[`TerraDemoComponent should render a default component 1`] = `
<button
  className="terraDemoComponent"
>
  default
</button>
`;
